[lemkus.com/products/air-force-1-07-flyease.html]
[backblue.gif]
[fade.gif]
[index.html]
[lemkus.com/products/air-force-1-07-flyease.oembed]
[lemkus.com/checkouts/internal/preloads931e.js]
[cdn.shopify.com/shopifycloud/storefront-recaptcha-v3/v0.6/index.js]
[lemkus.com/cdn/shopifycloud/shopify/assets/storefront/load_feature-87876fa245af19cbd14aa886ed59c6aa8a27c45d24dcd7a81cf2d2323506233e.js]
[lemkus.com/cdn/shopifycloud/shopify/assets/storefront/features-1c0b396bd4d054b94abae1eb6a1bd6ba47beb35525c57a217c77a862ff06d83f.js]
[lemkus.com/cdn/shop/t/32/assets/app1cb8.css]
[lemkus.com/cdn/shop/t/32/assets/a-custom-styles051e.css]
[lemkus.com/cdn/shop/t/32/assets/jquery-3.5.1.min3051.js]
[polyfill.io/v3/polyfill.min0f2b.js]
[static.klaviyo.com/onsite/js/klaviyo8d8f.js]
[cdn.shopify.com/extensions/7bbc494c-8fa3-49a5-9805-8143de883463/smart-product-filter-search-47/assets/globo.search.css]
[cdn.shopify.com/extensions/7bbc494c-8fa3-49a5-9805-8143de883463/smart-product-filter-search-47/assets/globo.search.carousel.css]
[cdn.shopify.com/extensions/7bbc494c-8fa3-49a5-9805-8143de883463/smart-product-filter-search-47/assets/globo.filter.js]
[lemkus.com/products/POST]
[lemkus.com/cdn/s/trekkie.storefront.f33399a7b9d8c1007209860fbdd63bb24633ae9f.min.js]
[lemkus.com/cdn/shopifycloud/shopify/assets/shop_events_listener-a7c63dba65ccddc484f77541dc8ca437e60e1e9e297fe1c3faebf6523a0ede9b.js]
[lemkus.com/cdn/shopifycloud/boomerang/shopify-boomerang-1.0.0.min.js]
[lemkus.com/cdn/shop/files/June_Nike_Sneakers_Featured_Dropdown_Images_556x508_9624433e-adb6-40d7-b061-43d543747000a575.png]
[lemkus.com/cdn/shop/files/June_NB_Sneakers_Featured_Dropdown_Images_556x508_cde9fc85-2a00-45e0-b525-f8351e4602510168.png]
[lemkus.com/cdn/shop/files/June_Crocs_Sneakers_Featured_Dropdown_Images_556x508_0de5c6ba-708b-4a61-af95-606d580990048bdb.png]
[lemkus.com/products/jordan-flight-mvp-jacket-m]
[lemkus.com/cdn/shop/files/June_Nike_Apparel_Sneakers_Featured_Dropdown_Images_556x508_fe396e95-b8d9-4ca4-95f9-80508c6dca9ca4f5.png]
[lemkus.com/products/panit-t-shirt-black.html]
[lemkus.com/cdn/shop/files/June_DP_Sneakers_Featured_Dropdown_Images_556x508_5cf52f56-d322-4739-9fce-8a47bc410870f44b.png]
[lemkus.com/products/air-more-uptempo-td-3]
[lemkus.com/cdn/shop/files/June_Air_More_Sneakers_Featured_Dropdown_Images_556x508_76b2f10f-6053-4a48-a3d1-d222d4f7f2bd7d49.png]
[lemkus.com/cdn/shop/files/June_Kids_App_More_Sneakers_Featured_Dropdown_Images_556x508_5b04a165-3567-4a90-95d2-dec5814d848750c2.png]
[lemkus.com/cdn/shop/files/Accessories_01_Featured_Dropdown_Images_556x508_0f06b366-eb7e-48f2-98fd-da576a4113c8752e.png]
[lemkus.com/cdn/shop/files/June_Bags_More_Sneakers_Featured_Dropdown_Images_556x508_d899c2ab-801d-4410-bf7b-a8451382e432b903.png]
[lemkus.com/cdn/shop/files/Accessories-Featured-Dropdown_Images_556x508-34f51.png]
[lemkus.com/cdn/shop/files/FD1146-100_12d2f.png]
[lemkus.com/cdn/shop/files/FD1146-100_22d2f.png]
[lemkus.com/cdn/shop/files/FD1146-100_32d2f.png]
[lemkus.com/cdn/shop/files/FD1146-100_469ef.png]
[lemkus.com/cdn/shop/files/FD1146-100_52d2f.png]
[lemkus.com/cdn/shop/files/FD1146-100_62d2f.png]
[cdn.shopify.com/s/files/1/3101/1544/files/Payflex_New_Logo4792.jpg]
[cdn.shopify.com/s/files/1/0538/9280/8895/files/button-happypayd0cf.png]
[lemkus.com/products/air-force-1-07-w-6.html]
[lemkus.com/cdn/shop/files/DZ4764-133-1266a.png]
[lemkus.com/cdn/shop/files/DZ4764-133-2266a.png]
[lemkus.com/cdn/shop/collections/Nike_2x_d319ed79-6a55-4f30-a769-88431ed60091_200x0c04.png]
[lemkus.com/products/air-force-1-07-w-6a3f2.html]
[lemkus.com/products/air-force-1-07-w-6d07c.html]
[lemkus.com/products/air-force-1-07-w-6bcca.html]
[lemkus.com/products/air-force-1-low-retro-2.html]
[lemkus.com/cdn/shop/files/FN5924-103-12173.png]
[lemkus.com/cdn/shop/files/FN5924-103-22173.png]
[lemkus.com/products/air-force-1-low-retro-2c313.html]
[lemkus.com/products/air-force-1-low-retro-2bf92.html]
[lemkus.com/products/air-force-1-low-retro-292dc.html]
[lemkus.com/products/air-force-1-low-retro-2406f.html]
[lemkus.com/products/air-force-1-low-retro-21310.html]
[lemkus.com/products/air-force-1-low-retro-27663.html]
[lemkus.com/products/air-force-1-low-retro-21cdf.html]
[lemkus.com/products/air-force-1-low-retro-253c6.html]
[lemkus.com/products/air-force-1-07-lv8-14.html]
[lemkus.com/cdn/shop/files/FB8877-200-14b17.png]
[lemkus.com/cdn/shop/files/FB8877-200-25958.png]
[lemkus.com/products/air-force-1-07-lv8-14c9ab.html]
[lemkus.com/products/air-force-1-07-lv8-14a026.html]
[lemkus.com/products/air-force-1-07-lv8-14410c.html]
[lemkus.com/products/air-force-1-07-lv8-147b66.html]
[lemkus.com/products/air-force-1-07-lv8-1469f6.html]
[lemkus.com/products/air-force-1-07-lv8-148f0c.html]
[lemkus.com/products/air-force-1-07-lv8-1429bd.html]
[lemkus.com/products/air-force-1-07-lv8-14e641.html]
[lemkus.com/products/air-force-1-wild-w.html]
[lemkus.com/cdn/shop/files/FB2348-700-127d8.png]
[lemkus.com/cdn/shop/files/FB2348-700-227d8.png]
[lemkus.com/products/air-force-1-wild-wd7f3.html]
[lemkus.com/products/air-force-1-wild-w76a9.html]
[lemkus.com/products/air-force-1-wild-wfbfe.html]
[lemkus.com/products/air-force-1-wild-w4f46.html]
[lemkus.com/products/air-force-1-wild-w7e14.html]
[lemkus.com/products/air-force-1-wild-w699c.html]
[lemkus.com/products/air-force-1-wild-w6a65.html]
[lemkus.com/products/air-force-1-wild-w2cf4.html]
[lemkus.com/cdn/shop/articles/1_Ambush_Air_More_Uptempo_517x654_c313336e-df99-4831-82c4-dfcc408063394f22.png]
[lemkus.com/cdn/shop/articles/Geena_Wilkonson_517x6540_379f649c-f9a0-47e4-9965-88736f360c9788a0.png]
[lemkus.com/cdn/shop/articles/Screenshot_2023-11-25_at_12.42.16c70c.png]
[lemkus.com/cdn/shop/articles/Lukhanyo_Mdingi_LM_517x654_0dc5bfdd-4c8c-434c-bc59-7c2b50a65967cd6e.png]
[lemkus.com/cdn/shop/t/32/assets/app.bundled1f8.js]
[lemkus.com/cdn/shop/t/32/assets/a-custom-scripts9823.js]
[www.klaviyo.com/media/js/public/klaviyo_subscribe.js]
[lemkus.com/cdn/shop/t/32/assets/globo.custom7e7e.css]
[lemkus.com/products/air-force-1-07-flyease.html]
[lemkus.com/cdn/shop/t/32/assets/app1cb8.css]
[lemkus.com/cdn/shop/t/32/assets/a-custom-styles051e.css]
[cdn.shopify.com/extensions/7bbc494c-8fa3-49a5-9805-8143de883463/smart-product-filter-search-47/assets/globo.search.css]
[wishlist.thimatic-apps.com/api/public/assets/js/wishlist-app0eac.js]
[cdn.shopify.com/extensions/7bbc494c-8fa3-49a5-9805-8143de883463/smart-product-filter-search-47/assets/owl.video.play.80.delayed]
[cdn.shopify.com/extensions/7bbc494c-8fa3-49a5-9805-8143de883463/smart-product-filter-search-47/assets/globo.search.carousel.css]
[lemkus.com/products/POST.html]
[lemkus.com/products/jordan-flight-mvp-jacket-m.html]
[lemkus.com/products/panit-t-shirt-black.oembed]
[lemkus.com/cdn/shop/files/2311073-11dbc.png]
[lemkus.com/cdn/shop/files/2311073-21dbc.png]
[lemkus.com/products/panyin-t-shirt-white.html]
[lemkus.com/cdn/shop/files/2311268-151e5.png]
[lemkus.com/cdn/shop/files/2311268-251e5.png]
[lemkus.com/cdn/shop/collections/daily_paper_200x959c.png]
[lemkus.com/products/panyin-t-shirt-whitea3eb.html]
[lemkus.com/products/panyin-t-shirt-whitecd8c.html]
[lemkus.com/products/panyin-t-shirt-white9430.html]
[lemkus.com/products/panyin-t-shirt-white819a.html]
[lemkus.com/products/panyin-t-shirt-white31f2.html]
[lemkus.com/products/mehani-shorts-black.html]
[lemkus.com/cdn/shop/files/211060-13d6a.png]
[lemkus.com/cdn/shop/files/211060-23d6a.png]
[lemkus.com/products/mehani-shorts-black82e2.html]
[lemkus.com/products/mehani-shorts-black06f0.html]
[lemkus.com/products/mehani-shorts-black31f9.html]
[lemkus.com/products/eswim-leek-green.html]
[lemkus.com/cdn/shop/files/2312039-11a35.png]
[lemkus.com/cdn/shop/files/2312039-21a35.png]
[lemkus.com/products/eswim-leek-green08b1.html]
[lemkus.com/products/eswim-leek-greend4b6.html]
[lemkus.com/products/eswim-leek-green32f6.html]
[lemkus.com/products/eswim-leek-greenffcd.html]
[lemkus.com/products/eswim-leek-green6731.html]
[lemkus.com/products/eswim-purple-impression.html]
[lemkus.com/cdn/shop/files/2312040-2b33c.png]
[lemkus.com/cdn/shop/files/2312040-1b33c.png]
[lemkus.com/products/eswim-purple-impressioneee5.html]
[lemkus.com/products/eswim-purple-impression1806.html]
[lemkus.com/products/eswim-purple-impressionbc42.html]
[lemkus.com/products/eswim-purple-impressionb30e.html]
[lemkus.com/products/panit-t-shirt-black.html]
[lemkus.com/products/air-more-uptempo-td-3.html]
[lemkus.com/products/eswim-purple-impression0b7c.html]
[lemkus.com/products/air-force-1-07-w-6.oembed]
[lemkus.com/cdn/shop/files/DZ4764-133-3266a.png]
[lemkus.com/cdn/shop/files/DZ4764-133-47911.png]
[lemkus.com/cdn/shop/files/DZ4764-133-5266a.png]
[lemkus.com/cdn/shop/files/DZ4764-133-6266a.png]
[lemkus.com/cdn/shop/files/DZ4764-133-73a45.png]
[lemkus.com/products/air-force-1-07-low-w.html]
[lemkus.com/cdn/shop/files/Layer_3544_61f7c5d3-67dc-4f02-84ce-ca98e0e45ee019f1.png]
[lemkus.com/cdn/shop/files/FQ0709-100-219f1.png]
[lemkus.com/products/air-force-1-07-low-wd1ad.html]
[lemkus.com/products/air-force-1-07-low-wf7b6.html]
[lemkus.com/products/air-force-1-07-low-w5e6e.html]
[lemkus.com/products/air-force-1-07-w-6.html]
[lemkus.com/products/air-force-1-07-w-6a3f2.html]
[lemkus.com/products/air-force-1-07-w-6d07c.html]
[lemkus.com/products/air-force-1-07-w-6bcca.html]
[lemkus.com/products/air-force-1-07-low-w6220.html]
[lemkus.com/products/air-force-1-low-retro-2.oembed]
[lemkus.com/cdn/shop/files/FN5924-103-327f5.png]
[lemkus.com/cdn/shop/files/FN5924-103-427f5.png]
[lemkus.com/cdn/shop/files/FN5924-103-52173.png]
[lemkus.com/cdn/shop/files/FN5924-103-627f5.png]
[lemkus.com/cdn/shop/files/FN5924-103-727f5.png]
[lemkus.com/cdn/shop/files/FN5924-103-827f5.png]
[lemkus.com/products/air-force-1-low-retro-2.html]
[lemkus.com/products/air-force-1-low-retro-2c313.html]
[lemkus.com/products/air-force-1-low-retro-2bf92.html]
[lemkus.com/products/air-force-1-low-retro-292dc.html]
[lemkus.com/products/air-force-1-low-retro-2406f.html]
[lemkus.com/products/air-force-1-low-retro-21310.html]
[lemkus.com/products/air-force-1-low-retro-27663.html]
[lemkus.com/products/air-force-1-low-retro-21cdf.html]
[lemkus.com/products/air-force-1-low-retro-253c6.html]
[lemkus.com/products/air-force-1-07-lv8-14.oembed]
[lemkus.com/cdn/shop/files/FB8877-200-35958.png]
[lemkus.com/cdn/shop/files/FB8877-200-45958.png]
[lemkus.com/cdn/shop/files/FB8877-200-5471b.png]
[lemkus.com/cdn/shop/files/FB8877-200-65958.png]
[lemkus.com/cdn/shop/files/FB8877-200-75958.png]
[lemkus.com/cdn/shop/files/FB8877-200-8471b.png]
[lemkus.com/products/air-force-1-07-lv8-14.html]
[lemkus.com/products/air-force-1-07-lv8-14c9ab.html]
[lemkus.com/products/air-force-1-07-lv8-14a026.html]
[lemkus.com/products/air-force-1-07-lv8-14410c.html]
[lemkus.com/products/air-force-1-07-lv8-147b66.html]
[lemkus.com/products/air-force-1-07-lv8-1469f6.html]
[lemkus.com/products/air-force-1-07-lv8-148f0c.html]
[lemkus.com/products/air-force-1-07-lv8-1429bd.html]
[lemkus.com/products/air-force-1-07-lv8-14e641.html]
[lemkus.com/products/air-force-1-wild-w.oembed]
[lemkus.com/cdn/shop/files/FB2348-700-327d8.png]
[lemkus.com/cdn/shop/files/FB2348-700-427d8.png]
[lemkus.com/cdn/shop/files/FB2348-700-527d8.png]
[lemkus.com/cdn/shop/files/FB2348-700-6f4c3.png]
[lemkus.com/cdn/shop/files/FB2348-700-727d8.png]
[lemkus.com/products/air-force-1-wild-w.html]
[lemkus.com/products/air-force-1-wild-wd7f3.html]
[lemkus.com/products/air-force-1-wild-w76a9.html]
[lemkus.com/products/air-force-1-wild-wfbfe.html]
[lemkus.com/products/air-force-1-wild-w4f46.html]
[lemkus.com/products/air-force-1-wild-w7e14.html]
[lemkus.com/products/air-force-1-wild-w699c.html]
[lemkus.com/products/air-force-1-wild-w6a65.html]
[lemkus.com/products/air-force-1-wild-w2cf4.html]
[lemkus.com/cdn/shop/t/32/assets/globo.custom7e7e.css]
[cdn.shopify.com/extensions/7bbc494c-8fa3-49a5-9805-8143de883463/smart-product-filter-search-47/assets/owl.video.play.html]
[lemkus.com/products/panyin-t-shirt-white.oembed]
[lemkus.com/products/paislee-t-shirt-white.html]
[lemkus.com/cdn/shop/files/Layer_290203c9.png]
[lemkus.com/cdn/shop/files/2311145-103c9.png]
[lemkus.com/products/paislee-t-shirt-whitee106.html]
[lemkus.com/products/paislee-t-shirt-white8ef3.html]
[lemkus.com/products/paislee-t-shirt-whitea99f.html]
[lemkus.com/products/paislee-t-shirt-white3f37.html]
[lemkus.com/products/panyin-t-shirt-white.html]
[lemkus.com/products/panyin-t-shirt-whitea3eb.html]
[lemkus.com/products/panyin-t-shirt-whitecd8c.html]
[lemkus.com/products/panyin-t-shirt-white9430.html]
[lemkus.com/products/panyin-t-shirt-white819a.html]
[lemkus.com/products/panyin-t-shirt-white31f2.html]
[lemkus.com/products/paislee-t-shirt-white0044.html]
[lemkus.com/products/mehani-shorts-black.oembed]
[lemkus.com/products/purdil-crew-black.html]
[lemkus.com/cdn/shop/files/2311049-118d8.png]
[lemkus.com/cdn/shop/files/2311049-2cb0b.png]
[lemkus.com/products/purdil-crew-blackfd6f.html]
[lemkus.com/products/purdil-crew-blackc3dc.html]
[lemkus.com/products/purdil-crew-black6a45.html]
[lemkus.com/products/purdil-crew-blackadbb.html]
[lemkus.com/products/mehani-shorts-black.html]
[lemkus.com/products/mehani-shorts-black82e2.html]
[lemkus.com/products/mehani-shorts-black06f0.html]
[lemkus.com/products/mehani-shorts-black31f9.html]
[lemkus.com/products/purdil-crew-blackf879.html]
[lemkus.com/products/eswim-leek-green.html]
[lemkus.com/products/eswim-leek-green08b1.html]
[lemkus.com/products/eswim-leek-greend4b6.html]
[lemkus.com/products/eswim-leek-green32f6.html]
[lemkus.com/products/eswim-leek-green.oembed]
[lemkus.com/products/eswim-leek-greenffcd.html]
[lemkus.com/products/eswim-leek-green6731.html]
[lemkus.com/products/eswim-purple-impression.html]
[lemkus.com/products/eswim-purple-impressioneee5.html]
[lemkus.com/products/eswim-purple-impression.oembed]
[lemkus.com/products/eswim-purple-impression1806.html]
[lemkus.com/products/eswim-purple-impressionbc42.html]
[lemkus.com/products/eswim-purple-impressionb30e.html]
[lemkus.com/products/eswim-purple-impression0b7c.html]
[lemkus.com/products/air-force-1-07-low-w.oembed]
[lemkus.com/cdn/shop/files/FQ0709-100-319f1.png]
[lemkus.com/cdn/shop/files/FQ0709-100-419f1.png]
[lemkus.com/cdn/shop/files/FQ0709-100-519f1.png]
[lemkus.com/cdn/shop/files/FQ0709-100-619f1.png]
[lemkus.com/cdn/shop/files/FQ0709-100-719f1.png]
[lemkus.com/products/air-force-1-07-low-w.html]
[lemkus.com/products/air-force-1-07-low-wd1ad.html]
[lemkus.com/products/air-force-1-07-low-wf7b6.html]
[lemkus.com/products/air-force-1-07-low-w5e6e.html]
[lemkus.com/products/air-force-1-07-low-w6220.html]
[lemkus.com/products/paislee-t-shirt-white.oembed]
[lemkus.com/cdn/shop/files/2311145-203c9.png]
[lemkus.com/products/paislee-t-shirt-white.html]
[lemkus.com/products/paislee-t-shirt-whitee106.html]
[lemkus.com/products/paislee-t-shirt-white8ef3.html]
[lemkus.com/products/paislee-t-shirt-whitea99f.html]
[lemkus.com/products/paislee-t-shirt-white3f37.html]
[lemkus.com/products/paislee-t-shirt-white0044.html]
[lemkus.com/products/purdil-crew-black.html]
[lemkus.com/products/purdil-crew-blackfd6f.html]
[lemkus.com/products/purdil-crew-blackc3dc.html]
[lemkus.com/products/purdil-crew-black.oembed]
[lemkus.com/products/purdil-crew-black6a45.html]
[lemkus.com/products/purdil-crew-blackadbb.html]
[lemkus.com/products/purdil-crew-blackf879.html]
